Archive member included to satisfy reference by file (symbol)

build/openmote-cc2538_armgcc/openstack/libopenstack.a(openstack.o)
                              build/openmote-cc2538_armgcc/projects/common/03oos_openwsn/03oos_openwsn.o (openstack_init)
build/openmote-cc2538_armgcc/openstack/libopenstack.a(IEEE802154E.o)
                              build/openmote-cc2538_armgcc/openstack/libopenstack.a(openstack.o) (ieee154e_init)
build/openmote-cc2538_armgcc/openstack/libopenstack.a(IEEE802154_security.o)
                              build/openmote-cc2538_armgcc/openstack/libopenstack.a(IEEE802154E.o) (IEEE802154_security_init)
build/openmote-cc2538_armgcc/openstack/libopenstack.a(neighbors.o)
                              build/openmote-cc2538_armgcc/openstack/libopenstack.a(openstack.o) (neighbors_init)
build/openmote-cc2538_armgcc/openstack/libopenstack.a(msf.o)
                              build/openmote-cc2538_armgcc/openstack/libopenstack.a(openstack.o) (msf_init)
build/openmote-cc2538_armgcc/openstack/libopenstack.a(schedule.o)
                              build/openmote-cc2538_armgcc/openstack/libopenstack.a(openstack.o) (schedule_init)
build/openmote-cc2538_armgcc/openstack/libopenstack.a(sixtop.o)
                              build/openmote-cc2538_armgcc/openstack/libopenstack.a(openstack.o) (sixtop_init)
build/openmote-cc2538_armgcc/openstack/libopenstack.a(iphc.o)
                              build/openmote-cc2538_armgcc/openstack/libopenstack.a(openstack.o) (iphc_init)
build/openmote-cc2538_armgcc/openstack/libopenstack.a(openbridge.o)
                              build/openmote-cc2538_armgcc/openstack/libopenstack.a(openstack.o) (openbridge_init)
build/openmote-cc2538_armgcc/openstack/libopenstack.a(forwarding.o)
                              build/openmote-cc2538_armgcc/openstack/libopenstack.a(openstack.o) (forwarding_init)
build/openmote-cc2538_armgcc/openstack/libopenstack.a(icmpv6.o)
                              build/openmote-cc2538_armgcc/openstack/libopenstack.a(openstack.o) (icmpv6_init)
build/openmote-cc2538_armgcc/openstack/libopenstack.a(icmpv6echo.o)
                              build/openmote-cc2538_armgcc/openstack/libopenstack.a(openstack.o) (icmpv6echo_init)
build/openmote-cc2538_armgcc/openstack/libopenstack.a(icmpv6rpl.o)
                              build/openmote-cc2538_armgcc/openstack/libopenstack.a(openstack.o) (icmpv6rpl_init)
build/openmote-cc2538_armgcc/openstack/libopenstack.a(openudp.o)
                              build/openmote-cc2538_armgcc/openstack/libopenstack.a(openstack.o) (openudp_init)
build/openmote-cc2538_armgcc/openstack/libopenstack.a(idmanager.o)
                              build/openmote-cc2538_armgcc/openstack/libopenstack.a(openstack.o) (idmanager_init)
build/openmote-cc2538_armgcc/openstack/libopenstack.a(openqueue.o)
                              build/openmote-cc2538_armgcc/openstack/libopenstack.a(openstack.o) (openqueue_init)
build/openmote-cc2538_armgcc/openstack/libopenstack.a(openrandom.o)
                              build/openmote-cc2538_armgcc/openstack/libopenstack.a(openstack.o) (openrandom_init)
build/openmote-cc2538_armgcc/openstack/libopenstack.a(packetfunctions.o)
                              build/openmote-cc2538_armgcc/openstack/libopenstack.a(neighbors.o) (packetfunctions_ip128bToMac64b)
build/openmote-cc2538_armgcc/openstack/libopenstack.a(IEEE802154.o)
                              build/openmote-cc2538_armgcc/openstack/libopenstack.a(IEEE802154E.o) (ieee802154_prependHeader)
build/openmote-cc2538_armgcc/openstack/libopenstack.a(topology.o)
                              build/openmote-cc2538_armgcc/openstack/libopenstack.a(IEEE802154.o) (topology_isAcceptablePacket)
build/openmote-cc2538_armgcc/openapps/libopenapps.a(openapps_dyn.o)
                              build/openmote-cc2538_armgcc/openstack/libopenstack.a(openstack.o) (openapps_init)
build/openmote-cc2538_armgcc/openapps/libopenapps.a(opencoap.o)
                              build/openmote-cc2538_armgcc/openapps/libopenapps.a(openapps_dyn.o) (opencoap_init)
build/openmote-cc2538_armgcc/openapps/libopenapps.a(cjoin.o)
                              build/openmote-cc2538_armgcc/openapps/libopenapps.a(openapps_dyn.o) (cjoin_init)
build/openmote-cc2538_armgcc/openapps/libopenapps.a(openoscoap.o)
                              build/openmote-cc2538_armgcc/openapps/libopenapps.a(cjoin.o) (openoscoap_init_security_context)
build/openmote-cc2538_armgcc/openapps/libopenapps.a(hkdf.o)
                              build/openmote-cc2538_armgcc/openapps/libopenapps.a(openoscoap.o) (hkdf)
build/openmote-cc2538_armgcc/openapps/libopenapps.a(hmac.o)
                              build/openmote-cc2538_armgcc/openapps/libopenapps.a(hkdf.o) (hmac)
build/openmote-cc2538_armgcc/openapps/libopenapps.a(cborencoder.o)
                              build/openmote-cc2538_armgcc/openapps/libopenapps.a(openoscoap.o) (cborencoder_put_text)
[...]
Memory Configuration

Name             Origin             Length             Attributes
FLASH            0x0000000000200000 0x000000000007ffd4 xr
FLASH_CCA        0x000000000027ffd4 0x000000000000000c xr
SRAM             0x0000000020004000 0x0000000000004000 xrw
*default*        0x0000000000000000 0xffffffffffffffff

Linker script and memory map

LOAD build/openmote-cc2538_armgcc/projects/common/03oos_openwsn/03oos_openwsn.o
LOAD build/openmote-cc2538_armgcc/openstack/libopenstack.a
LOAD build/openmote-cc2538_armgcc/openapps/libopenapps.a
LOAD build/openmote-cc2538_armgcc/openstack/libopenstack.a
LOAD build/openmote-cc2538_armgcc/kernel/openos/libkernel.a
LOAD build/openmote-cc2538_armgcc/drivers/libdrivers.a
LOAD build/openmote-cc2538_armgcc/bsp/boards/libbsp.a
START GROUP
LOAD /usr/lib/gcc/arm-none-eabi/4.9.3/armv7-m/libgcc.a
LOAD /usr/lib/gcc/arm-none-eabi/4.9.3/../../../arm-none-eabi/lib/armv7-m/libg.a
LOAD /usr/lib/gcc/arm-none-eabi/4.9.3/../../../arm-none-eabi/lib/armv7-m/libc.a
END GROUP

.text           0x0000000000200000    0x1c51b
                0x0000000000200000                _text = .
 *(.vectors)
 .vectors       0x0000000000200000      0x28c build/openmote-cc2538_armgcc/bsp/boards/libbsp.a(startup_gcc.o)
                0x0000000000200000                gVectors
 *(.text*)
 .text          0x000000000020028c       0x1c build/openmote-cc2538_armgcc/projects/common/03oos_openwsn/03oos_openwsn.o
                0x000000000020028c                mote_main
 .text          0x00000000002002a8       0x5c build/openmote-cc2538_armgcc/openstack/libopenstack.a(openstack.o)
                0x00000000002002a8                openstack_init
 .text          0x0000000000200304     0x2e40 build/openmote-cc2538_armgcc/openstack/libopenstack.a(IEEE802154E.o)
                0x0000000000200304                ieee154e_init
                0x00000000002003f0                ieee154e_asnDiff
                0x000000000020049c                ieee154e_computeAsnDiff
                0x0000000000200540                ieee154e_calculateExpTime
                0x0000000000200600                ieee154e_orderToASNStructure
                0x0000000000200658                isr_ieee154e_newSlot
                0x00000000002006ec                isr_ieee154e_timer
                0x0000000000200808                ieee154e_startOfFrame
                0x00000000002008dc                ieee154e_endOfFrame
                0x00000000002009b0                debugPrint_asn
                0x00000000002009f0                debugPrint_isSync
                0x0000000000200a1c                debugPrint_macStats
                0x0000000000200a34                activity_synchronize_newSlot
                0x0000000000200b4c                activity_synchronize_startOfFrame
                0x0000000000200b84                activity_synchronize_endOfFrame
                0x0000000000200e44                ieee154e_processIEs
                0x0000000000200ed4                activity_ti1ORri1
                0x00000000002013e4                activity_ti2
                0x0000000000201490                activity_tie1
                0x00000000002014b4                activity_ti3
                0x00000000002014f0                activity_tie2
                0x0000000000201514                activity_ti4
                0x0000000000201580                activity_tie3
                0x00000000002015a4                activity_ti5
                0x0000000000201678                activity_ti6
                0x00000000002016dc                activity_tie4
                0x0000000000201700                activity_ti7
                0x000000000020173c                activity_tie5
                0x0000000000201794                activity_ti8
                0x0000000000201800                activity_tie6
                0x0000000000201824                activity_ti9
                0x0000000000201a98                activity_ri2
                0x0000000000201afc                activity_rie1
                0x0000000000201b20                activity_ri3
                0x0000000000201b5c                activity_rie2
                0x0000000000201b68                activity_ri4
                0x0000000000201bdc                activity_rie3
                0x0000000000201c00                activity_ri5
                0x0000000000201fb4                activity_ri6
                0x0000000000202168                activity_rie4
                0x000000000020218c                activity_ri7
                0x00000000002021c8                activity_rie5
                0x00000000002021ec                activity_ri8
                0x0000000000202258                activity_rie6
                0x000000000020227c                activity_ri9
                0x0000000000202330                isValidRxFrame
                0x00000000002023a0                isValidAck
                0x0000000000202414                incrementAsnOffset
                0x00000000002024c4                ieee154e_resetAsn
                0x00000000002024fc                ieee154e_getAsn
                0x0000000000202564                ieee154e_getTimeCorrection
                0x0000000000202584                joinPriorityStoreFromEB
                0x00000000002025b4                isValidJoin
                0x0000000000202664                isValidEbFormat
                0x00000000002029f0                asnStoreFromEB
                0x0000000000202a48                ieee154e_syncSlotOffset
                0x0000000000202b20                ieee154e_setIsAckEnabled
                0x0000000000202b40                ieee154e_setSingleChannel
                0x0000000000202b7c                ieee154e_setIsSecurityEnabled
                0x0000000000202b9c                ieee154e_setSlotDuration
                0x0000000000202bbc                ieee154e_getSlotDuration
                0x0000000000202bd4                timeslotTemplateIDStoreFromEB
                0x0000000000202bf4                channelhoppingTemplateIDStoreFromEB
                0x0000000000202c14                synchronizePacket
                0x0000000000202cd0                synchronizeAck
                0x0000000000202d50                changeIsSync
                0x0000000000202d84                notif_sendDone
                0x0000000000202dc4                notif_receive
                0x0000000000202e00                resetStats
                0x0000000000202e60                updateStats
                0x0000000000202ea8                calculateFrequency
                0x0000000000202efc                changeState
                0x0000000000202fa4                endSlot
                0x000000000020312c                ieee154e_isSynch
 .text          0x0000000000203144      0x1f0 build/openmote-cc2538_armgcc/openstack/libopenstack.a(IEEE802154_security.o)
                0x0000000000203144                IEEE802154_security_init
                0x0000000000203184                IEEE802154_security_getBeaconKeyIndex
                0x000000000020319c                IEEE802154_security_getDataKeyIndex
                0x00000000002031b4                IEEE802154_security_setBeaconKey
                0x00000000002031e8                IEEE802154_security_setDataKey
                0x000000000020321c                IEEE802154_security_isConfigured
                0x0000000000203258                IEEE802154_security_setDynamicKeying
                0x0000000000203270                IEEE802154_security_prependAuxiliarySecurityHeader
                0x0000000000203284                IEEE802154_security_retrieveAuxiliarySecurityHeader
                0x000000000020329c                IEEE802154_security_outgoingFrameSecurity
                0x00000000002032b4                IEEE802154_security_incomingFrame
                0x00000000002032cc                IEEE802154_security_authLengthChecking
                0x00000000002032e4                IEEE802154_security_auxLengthChecking
                0x0000000000203304                IEEE802154_security_getSecurityLevel
                0x000000000020331c                IEEE802154_security_acceptableLevel
 .text          0x0000000000203334     0x1340 build/openmote-cc2538_armgcc/openstack/libopenstack.a(neighbors.o)
                0x0000000000203334                neighbors_init
                0x000000000020334c                neighbors_getNumNeighbors
                0x0000000000203394                neighbors_getNeighborRank
                0x00000000002033c0                neighbors_getRssi
                0x00000000002033f0                neighbors_getNumTx
                0x000000000020341c                neighbors_getKANeighbor
                0x0000000000203494                neighbors_getJoinProxy
                0x000000000020352c                neighbors_getNeighborNoResource
                0x0000000000203558                neighbors_getNeighborIsInBlacklist
                0x0000000000203584                neighbors_getSequenceNumber
                0x00000000002035dc                neighbors_isStableNeighbor
                0x000000000020367c                neighbors_isStableNeighborByIndex
                0x00000000002036cc                neighbors_isInsecureNeighbor
                0x000000000020373c                neighbors_isNeighborWithHigherDAGrank
                0x0000000000203790                neighbors_reachedMinimalTransmission
                0x00000000002037e0                neighbors_indicateRx
                0x0000000000203a20                neighbors_indicateTx
                0x0000000000203b88                neighbors_updateSequenceNumber
                0x0000000000203c24                neighbors_resetSequenceNumber
                0x0000000000203c7c                neighbors_getNeighborEui64
                0x0000000000203cf0                neighbors_updateBackoff
                0x0000000000203db8                neighbors_decreaseBackoff
                0x0000000000203e3c                neighbors_backoffHitZero
                0x0000000000203ea4                neighbors_resetBackoff
                0x0000000000203f10                neighbors_setNeighborRank
                0x0000000000203f44                neighbors_setNeighborNoResource
                0x0000000000203f94                neighbors_setPreferredParent
                0x0000000000203fc8                neighbors_getLinkMetric
                0x00000000002040e8                neighbors_removeOld
                0x00000000002041f4                debugPrint_neighbors
                0x0000000000204288                registerNewNeighbor
                0x0000000000204460                isNeighbor
                0x000000000020449c                removeNeighbor
                0x0000000000204600                isThisRowMatching
 .text          0x0000000000204674      0x658 build/openmote-cc2538_armgcc/openstack/libopenstack.a(msf.o)
                0x0000000000204674                msf_init
                0x00000000002046fc                msf_updateCellsPassed
                0x000000000020475c                msf_updateCellsUsed
                0x0000000000204790                msf_trigger6pClear
                0x00000000002047cc                msf_getsfid
                0x00000000002047dc                msf_getMetadata
                0x00000000002047ec                msf_translateMetadata
                0x00000000002047fc                msf_handleRCError
                0x0000000000204888                msf_timer_waitretry_cb
                0x00000000002048a8                msf_timer_housekeeping_cb
                0x00000000002048f4                msf_timer_housekeeping_task
                0x0000000000204900                msf_timer_clear_task
                0x0000000000204948                msf_trigger6pAdd
                0x00000000002049d0                msf_trigger6pDelete
                0x0000000000204a70                msf_appPktPeriod
                0x0000000000204a90                msf_candidateAddCellList
                0x0000000000204b44                msf_candidateRemoveCellList
                0x0000000000204bf0                msf_housekeeping
 .text          0x0000000000204ccc      0xe7c build/openmote-cc2538_armgcc/openstack/libopenstack.a(schedule.o)
                0x0000000000204ccc                schedule_init
                0x0000000000204d6c                schedule_startDAGroot
                0x0000000000204dd4                debugPrint_schedule
                0x0000000000204f1c                debugPrint_backoff
                0x0000000000204f4c                schedule_setFrameLength
                0x0000000000204f80                schedule_setFrameHandle
                0x0000000000204fa4                schedule_setFrameNumber
                0x0000000000204fc8                schedule_getSlotInfo
                0x0000000000205050                schedule_addActiveSlot
                0x000000000020520c                schedule_removeActiveSlot
                0x00000000002052fc                schedule_isSlotOffsetAvailable
                0x000000000020535c                schedule_removeAllCells
                0x00000000002053bc                schedule_getNumberOfFreeEntries
                0x0000000000205408                schedule_getNumberOfDedicatedCells
                0x0000000000205460                schedule_getNonParentNeighborWithDedicatedCells
                0x00000000002054dc                schedule_isNumTxWrapped
                0x0000000000205554                schedule_getCellsToBeRelocated
                0x00000000002056c0                schedule_hasDedicatedCellToNeighbor
                0x0000000000205728                schedule_syncSlotOffset
                0x0000000000205758                schedule_advanceSlot
                0x0000000000205778                schedule_getNextActiveSlotOffset
                0x00000000002057a0                schedule_getFrameLength
                0x00000000002057c4                schedule_getType
                0x00000000002057ec                schedule_getNeighbor
                0x0000000000205818                schedule_getChannelOffset
                0x0000000000205840                schedule_getOkToSend
                0x00000000002058d0                schedule_resetBackoff
                0x00000000002058f4                schedule_indicateRx
                0x0000000000205930                schedule_indicateTx
                0x0000000000205a54                schedule_getOneCellAfterOffset
                0x0000000000205ae4                schedule_resetEntry
 .text          0x0000000000205b48     0x2558 build/openmote-cc2538_armgcc/openstack/libopenstack.a(sixtop.o)
                0x0000000000205b48                sixtop_init
                0x0000000000205bf0                sixtop_setKaPeriod
                0x0000000000205c20                sixtop_setEBPeriod
                0x0000000000205c48                sixtop_setSFcallback
                0x0000000000205c7c                sixtop_request
                0x00000000002060bc                sixtop_send
                0x0000000000206188                task_sixtopNotifSendDone
                0x0000000000206248                task_sixtopNotifReceive
                0x0000000000206354                debugPrint_myDAGrank
                0x000000000020637c                debugPrint_kaPeriod
                0x00000000002063a4                sixtop_setIsResponseEnabled
                0x00000000002063c4                sixtop_send_internal
                0x0000000000206444                sixtop_sendingEb_timer_cb
                0x0000000000206460                sixtop_maintenance_timer_cb
                0x000000000020647c                sixtop_timeout_timer_cb
                0x0000000000206498                timer_sixtop_sendEb_fired
                0x00000000002064c4                timer_sixtop_management_fired
                0x000000000020650c                sixtop_sendEB
                0x0000000000206758                sixtop_sendKA
                0x000000000020683c                timer_sixtop_six2six_timeout_fired
                0x0000000000206884                sixtop_six2six_sendDone
                0x0000000000206a18                sixtop_processIEs
                0x0000000000206b8c                sixtop_six2six_notifyReceive
                0x0000000000207d0c                sixtop_addCells
                0x0000000000207df0                sixtop_removeCells
                0x0000000000207e80                sixtop_areAvailableCellsToBeScheduled
                0x0000000000207f30                sixtop_areAvailableCellsToBeRemoved
 .text          0x00000000002080a0     0x1b50 build/openmote-cc2538_armgcc/openstack/libopenstack.a(iphc.o)
                0x00000000002080a0                iphc_init
                0x00000000002080ac                iphc_sendFromForwarding
                0x00000000002083a0                iphc_sendFromBridge
                0x00000000002083e0                iphc_sendDone
                0x0000000000208418                iphc_receive
                0x0000000000208520                iphc_prependIPv6Header
                0x00000000002088e0                iphc_retrieveIPv6Header
                0x0000000000208e08                iphc_retrieveIphcHeader
                0x000000000020957c                iphc_prependIPv6HopByHopHeader
                0x0000000000209630                iphc_prependIPv6DeadlineHeader
                0x0000000000209830                iphc_retrieveIPv6HopByHopHeader
                0x000000000020992c                iphc_retrieveIPv6DeadlineHeader
                0x0000000000209b88                iphc_getDeadlineInfo
                0x0000000000209bb4                iphc_getAsnLen
 .text          0x0000000000209bf0      0x1a0 build/openmote-cc2538_armgcc/openstack/libopenstack.a(openbridge.o)
                0x0000000000209bf0                openbridge_init
                0x0000000000209bfc                openbridge_triggerData
                0x0000000000209cfc                openbridge_sendDone
                0x0000000000209d30                openbridge_receive
 .text          0x0000000000209d90      0xef8 build/openmote-cc2538_armgcc/openstack/libopenstack.a(forwarding.o)
                0x0000000000209d90                forwarding_init
                0x0000000000209d9c                forwarding_send
                0x000000000020a094                forwarding_sendDone
                0x000000000020a104                forwarding_receive
                0x000000000020a318                forwarding_getNextHop
                0x000000000020a37c                forwarding_send_internal_RoutingTable
                0x000000000020a3fc                forwarding_send_internal_SourceRouting
                0x000000000020abf4                forwarding_createRplOption
                0x000000000020ac70                forwarding_createDeadlineOption
 .text          0x000000000020ac88       0xe8 build/openmote-cc2538_armgcc/openstack/libopenstack.a(icmpv6.o)
                0x000000000020ac88                icmpv6_init
                0x000000000020ac94                icmpv6_send
                0x000000000020acb8                icmpv6_sendDone
                0x000000000020ad14                icmpv6_receive
 .text          0x000000000020ad70      0x2c0 build/openmote-cc2538_armgcc/openstack/libopenstack.a(icmpv6echo.o)
                0x000000000020ad70                icmpv6echo_init
                0x000000000020ad94                icmpv6echo_trigger
                0x000000000020aeb0                icmpv6echo_sendDone
                0x000000000020aeec                icmpv6echo_receive
                0x000000000020b010                icmpv6echo_setIsReplyEnabled
 .text          0x000000000020b030     0x10bc build/openmote-cc2538_armgcc/openstack/libopenstack.a(icmpv6rpl.o)
                0x000000000020b030                icmpv6rpl_init
                0x000000000020b318                icmpv6rpl_writeDODAGid
                0x000000000020b34c                icmpv6rpl_getRPLIntanceID
                0x000000000020b364                icmpv6rpl_getRPLDODAGid
                0x000000000020b3a0                icmpv6rpl_sendDone
                0x000000000020b3f4                icmpv6rpl_receive
                0x000000000020b468                icmpv6rpl_getPreferredParentIndex
                0x000000000020b490                icmpv6rpl_getPreferredParentEui64
                0x000000000020b4f4                icmpv6rpl_isPreferredParent
                0x000000000020b55c                icmpv6rpl_getMyDAGrank
                0x000000000020b574                icmpv6rpl_setMyDAGrank
                0x000000000020b594                icmpv6rpl_updateMyDAGrankAndParentSelection
                0x000000000020b7e8                icmpv6rpl_indicateRxDIO
                0x000000000020baf4                icmpv6rpl_killPreferredParent
                0x000000000020bb28                icmpv6rpl_timer_DIO_cb
                0x000000000020bb44                icmpv6rpl_timer_DIO_task
                0x000000000020bb70                sendDIO
                0x000000000020bdbc                icmpv6rpl_timer_DAO_cb
                0x000000000020be0c                icmpv6rpl_timer_DAO_task
                0x000000000020be18                sendDAO
                0x000000000020c06c                icmpv6rpl_setDIOPeriod
                0x000000000020c09c                icmpv6rpl_setDAOPeriod
                0x000000000020c0cc                icmpv6rpl_daoSent
 .text          0x000000000020c0ec      0x4f4 build/openmote-cc2538_armgcc/openstack/libopenstack.a(openudp.o)
                0x000000000020c0ec                openudp_init
                0x000000000020c104                openudp_register
                0x000000000020c128                openudp_send
                0x000000000020c328                openudp_sendDone
                0x000000000020c3a8                openudp_receive
                0x000000000020c5a4                openudp_debugPrint
 .text          0x000000000020c5e0      0x558 build/openmote-cc2538_armgcc/openstack/libopenstack.a(idmanager.o)
                0x000000000020c5e0                idmanager_init
                0x000000000020c680                idmanager_getIsDAGroot
                0x000000000020c6a4                idmanager_setIsDAGroot
                0x000000000020c6d0                idmanager_getIsSlotSkip
                0x000000000020c6f4                idmanager_getMyID
                0x000000000020c770                idmanager_setMyID
                0x000000000020c83c                idmanager_isMyAddress
                0x000000000020c92c                idmanager_triggerAboutRoot
                0x000000000020ca30                idmanager_setJoinKey
                0x000000000020ca5c                idmanager_getJoinKey
                0x000000000020ca7c                idmanager_setJoinAsn
                0x000000000020caa0                debugPrint_id
                0x000000000020caf8                debugPrint_joined
 .text          0x000000000020cb38      0x784 build/openmote-cc2538_armgcc/openstack/libopenstack.a(openqueue.o)
                0x000000000020cb38                openqueue_init
                0x000000000020cb70                debugPrint_queue
                0x000000000020cbe0                openqueue_getFreePacketBuffer
                0x000000000020cc9c                openqueue_freePacketBuffer
                0x000000000020cd28                openqueue_removeAllCreatedBy
                0x000000000020cd80                openqueue_sixtopGetSentPacket
                0x000000000020cdec                openqueue_sixtopGetReceivedPacket
                0x000000000020ce58                openqueue_macGetDataPacket
                0x000000000020cfe8                openqueue_isHighPriorityEntryEnough
                0x000000000020d044                openqueue_macGetEBPacket
                0x000000000020d0cc                openqueue_macGetDIOPacket
                0x000000000020d154                openqueue_macGetDedicatedPacket
                0x000000000020d23c                openqueue_reset_entry
 .text          0x000000000020d2bc      0x124 build/openmote-cc2538_armgcc/openstack/libopenstack.a(openrandom.o)
                0x000000000020d2bc                openrandom_init
                0x000000000020d300                openrandom_get16b
                0x000000000020d374                openrandom_getRandomizePeriod
 .text          0x000000000020d3e0      0xbac build/openmote-cc2538_armgcc/openstack/libopenstack.a(packetfunctions.o)
                0x000000000020d3e0                packetfunctions_ip128bToMac64b
                0x000000000020d444                packetfunctions_mac64bToIp128b
                0x000000000020d4ac                packetfunctions_mac64bToMac16b
                0x000000000020d4f4                packetfunctions_mac16bToMac64b
                0x000000000020d560                packetfunctions_isBroadcastMulticast
                0x000000000020d5ec                packetfunctions_isAllRoutersMulticast
                0x000000000020d690                packetfunctions_isAllHostsMulticast
                0x000000000020d734                packetfunctions_isLinkLocal
                0x000000000020d798                packetfunctions_sameAddress
                0x000000000020d82c                packetfunctions_readAddress
                0x000000000020d8d8                packetfunctions_writeAddress
                0x000000000020d98c                packetfunctions_reserveHeaderSize
                0x000000000020d9d8                packetfunctions_tossHeader
                0x000000000020da24                packetfunctions_reserveFooterSize
                0x000000000020da60                packetfunctions_tossFooter
                0x000000000020da98                packetfunctions_duplicatePacket
                0x000000000020db2c                packetfunctions_calculateCRC
                0x000000000020dbc8                packetfunctions_checkCRC
                0x000000000020dc78                packetfunctions_calculateChecksum
                0x000000000020ddd8                onesComplementSum
                0x000000000020de68                packetfunctions_htons
                0x000000000020de94                packetfunctions_ntohs
                0x000000000020dec0                packetfunctions_htonl
                0x000000000020df08                packetfunctions_ntohl
                0x000000000020df40                packetfunctions_reverseArrayByteOrder
 .text          0x000000000020df8c      0x760 build/openmote-cc2538_armgcc/openstack/libopenstack.a(IEEE802154.o)
                0x000000000020df8c                ieee802154_prependHeader
                0x000000000020e218                ieee802154_retrieveHeader
 .text          0x000000000020e6ec       0x18 build/openmote-cc2538_armgcc/openstack/libopenstack.a(topology.o)
                0x000000000020e6ec                topology_isAcceptablePacket
 .text          0x000000000020e704       0x10 build/openmote-cc2538_armgcc/openapps/libopenapps.a(openapps_dyn.o)
                0x000000000020e704                openapps_init
 .text          0x000000000020e714     0x167c build/openmote-cc2538_armgcc/openapps/libopenapps.a(opencoap.o)
                0x000000000020e714                opencoap_init
                0x000000000020e790                opencoap_receive
                0x000000000020f038                opencoap_sendDone
                0x000000000020f0ac                opencoap_writeLinks
                0x000000000020f19c                opencoap_register
                0x000000000020f1e4                opencoap_send
                0x000000000020f330                opencoap_get_option_class
                0x000000000020f3fc                opencoap_options_encode
                0x000000000020f634                opencoap_find_option
                0x000000000020f6bc                opencoap_options_parse
                0x000000000020f838                opencoap_handle_proxy_scheme
                0x000000000020fa18                opencoap_handle_stateless_proxy
                0x000000000020fba4                opencoap_header_encode
                0x000000000020fc28                opencoap_add_stateless_proxy_option
                0x000000000020fca0                opencoap_forward_message
 .text          0x000000000020fd90      0x490 build/openmote-cc2538_armgcc/openapps/libopenapps.a(cjoin.o)
                0x000000000020fd90                cjoin_init
                0x000000000020fe0c                cjoin_init_security_context
                0x000000000020fe64                cjoin_schedule
                0x000000000020fea8                cjoin_receive
                0x000000000020ff3c                cjoin_timer_cb
                0x000000000020ff58                cjoin_retransmission_cb
                0x000000000020ff74                cjoin_retransmission_task_cb
                0x000000000020ffa0                cjoin_task_cb
                0x000000000020fffc                cjoin_sendDone
                0x0000000000210014                cjoin_sendJoinRequest
                0x0000000000210180                cjoin_getIsJoined
                0x00000000002101a4                cjoin_setIsJoined
 .text          0x0000000000210220      0xce0 build/openmote-cc2538_armgcc/openapps/libopenapps.a(openoscoap.o)
                0x0000000000210220                openoscoap_init_security_context
                0x0000000000210348                openoscoap_protect_message
                0x00000000002105cc                openoscoap_unprotect_message
                0x0000000000210830                openoscoap_get_sequence_number
                0x000000000021086c                openoscoap_parse_compressed_COSE
                0x0000000000210944                hkdf_derive_parameter
                0x0000000000210ab0                is_request
                0x0000000000210ae4                openoscoap_construct_aad
                0x0000000000210cbc                openoscoap_encode_compressed_COSE
                0x0000000000210d54                xor_arrays
                0x0000000000210d9c                flip_first_bit
                0x0000000000210dcc                replay_window_check
                0x0000000000210e2c                replay_window_update
                0x0000000000210ec4                openoscoap_convert_sequence_number
 .text          0x0000000000210f00      0x4a8 build/openmote-cc2538_armgcc/openapps/libopenapps.a(hkdf.o)
                0x0000000000210f00                hkdf
                0x0000000000210f6c                hkdfExtract
                0x0000000000210fd0                hkdfExpand
                0x00000000002111b0                hkdfReset
                0x0000000000211224                hkdfInput
                0x0000000000211280                hkdfFinalBits
                0x00000000002112e0                hkdfResult
 .text          0x00000000002113a8      0x44c build/openmote-cc2538_armgcc/openapps/libopenapps.a(hmac.o)
                0x00000000002113a8                hmac
                0x0000000000211424                hmacReset
                0x000000000021163c                hmacInput
                0x00000000002116a8                hmacFinalBits
                0x0000000000211714                hmacResult
 .text          0x00000000002117f4      0x204 build/openmote-cc2538_armgcc/openapps/libopenapps.a(cborencoder.o)
                0x00000000002117f4                cborencoder_put_text
                0x0000000000211874                cborencoder_put_array
                0x00000000002118b4                cborencoder_put_bytes
                0x0000000000211934                cborencoder_put_unsigned
                0x000000000021198c                cborencoder_put_null
                0x00000000002119b8                cborencoder_put_map
 .text          0x00000000002119f8      0x4d8 build/openmote-cc2538_armgcc/openapps/libopenapps.a(cojp_cbor.o)
                0x00000000002119f8                cojp_cbor_decode_configuration_object
                0x0000000000211b28                cojp_cbor_encode_join_request_object
                0x0000000000211be4                cojp_cbor_decode_link_layer_keyset
                0x0000000000211d5c                cojp_cbor_decode_link_layer_short_address
                0x0000000000211df4                cojp_cbor_decode_ipv6_address
                0x0000000000211e5c                cbor_decode_uint
 .text          0x0000000000211ed0      0x184 build/openmote-cc2538_armgcc/openapps/libopenapps.a(usha.o)
                0x0000000000211ed0                USHAReset
                0x0000000000211f0c                USHAInput
                0x0000000000211f48                USHAFinalBits
                0x0000000000211f88                USHAResult
                0x0000000000211fc0                USHABlockSize
                0x0000000000211fe4                USHAHashSize
                0x0000000000212008                USHAHashSizeBits
                0x000000000021202c                USHAHashName
 .text          0x0000000000212054      0x840 build/openmote-cc2538_armgcc/openapps/libopenapps.a(sha224-256.o)
                0x0000000000212054                SHA224Reset
                0x0000000000212074                SHA224Input
                0x0000000000212094                SHA224FinalBits
                0x00000000002120b8                SHA224Result
                0x00000000002120d8                SHA256Reset
                0x00000000002120f8                SHA256Input
                0x00000000002121e0                SHA256FinalBits
                0x00000000002122b0                SHA256Result
 .text          0x0000000000212894      0x138 build/openmote-cc2538_armgcc/kernel/openos/libkernel.a(scheduler.o)
                0x0000000000212894                scheduler_init
                0x00000000002128b8                scheduler_start
                0x0000000000212918                scheduler_push_task
 .text          0x00000000002129cc     0x1304 build/openmote-cc2538_armgcc/drivers/libdrivers.a(openserial.o)
                0x00000000002129cc                openserial_init
                0x0000000000212a80                openserial_register
                0x0000000000212a9c                openserial_printStatus
                0x0000000000212b24                openserial_printInfo
                0x0000000000212b60                openserial_printError
                0x0000000000212ba0                openserial_printCritical
                0x0000000000212c04                openserial_printData
                0x0000000000212cb0                openserial_printSniffedPacket
                0x0000000000212d38                openserial_print_uint32_t
                0x0000000000212d9c                openserial_print_str
                0x0000000000212e4c                openserial_getInputBufferFilllevel
                0x0000000000212e74                openserial_getInputBuffer
                0x0000000000212ed8                openserial_startInput
                0x0000000000212f44                openserial_startOutput
                0x00000000002130b0                openserial_stop
                0x00000000002131cc                debugPrint_outBufferIndexes
                0x0000000000213204                openserial_printInfoErrorCritical
                0x00000000002132b0                openserial_handleEcho
                0x00000000002132cc                openserial_get6pInfo
                0x00000000002135c4                openserial_handleCommands
                0x000000000021399c                openserial_board_reset_cb
                0x00000000002139b0                outputHdlcOpen
                0x00000000002139e8                outputHdlcWrite
                0x0000000000213a68                outputHdlcClose
                0x0000000000213ab8                inputHdlcOpen
                0x0000000000213ad8                inputHdlcWrite
                0x0000000000213b40                inputHdlcClose
                0x0000000000213b70                isr_openserial_tx
                0x0000000000213bfc                isr_openserial_rx
 .text          0x0000000000213cd0      0xb20 build/openmote-cc2538_armgcc/drivers/libdrivers.a(opentimers.o)
                0x0000000000213cd0                opentimers_init
                0x0000000000213d1c                opentimers_create
                0x0000000000213d7c                opentimers_scheduleIn
                0x000000000021401c                opentimers_scheduleAbsolute
                0x00000000002142a8                opentimers_cancel
                0x00000000002142e8                opentimers_destroy
                0x0000000000214324                opentimers_getValue
                0x0000000000214334                opentimers_getCurrentTimeout
                0x000000000021434c                opentimers_isRunning
                0x0000000000214378                opentimers_setPriority
                0x00000000002143c0                opentimers_timer_callback
 .text          0x00000000002147f0       0x38 build/openmote-cc2538_armgcc/drivers/libdrivers.a(openhdlc.o)
                0x00000000002147f0                crcIteration
 .text          0x0000000000214828      0x3a0 build/openmote-cc2538_armgcc/bsp/boards/libbsp.a(board.o)
                0x0000000000214828                main
                0x0000000000214838                board_init
                0x000000000021487c                board_sleep
                0x000000000021488c                board_timer_init
                0x00000000002148a8                board_timer_get
                0x00000000002148cc                board_timer_expired
                0x0000000000214904                board_reset
 .text          0x0000000000214bc8      0x248 build/openmote-cc2538_armgcc/bsp/boards/libbsp.a(cryptoengine.o)
                0x0000000000214bc8                cryptoengine_init
                0x0000000000214be4                cryptoengine_aes_ccms_enc
                0x0000000000214ca8                cryptoengine_aes_ccms_dec
                0x0000000000214d68                cryptoengine_aes_ecb_enc
 .text          0x0000000000214e10      0x1d4 build/openmote-cc2538_armgcc/bsp/boards/libbsp.a(debugpins.o)
                0x0000000000214e10                debugpins_init
                0x0000000000214e44                debugpins_frame_toggle
                0x0000000000214e58                debugpins_frame_clr
                0x0000000000214e6c                debugpins_frame_set
                0x0000000000214e80                debugpins_slot_toggle
                0x0000000000214e94                debugpins_slot_clr
                0x0000000000214ea8                debugpins_slot_set
                0x0000000000214ebc                debugpins_fsm_toggle
                0x0000000000214ed0                debugpins_fsm_clr
                0x0000000000214ee4                debugpins_fsm_set
                0x0000000000214ef8                debugpins_task_toggle
                0x0000000000214f0c                debugpins_task_clr
                0x0000000000214f20                debugpins_task_set
                0x0000000000214f34                debugpins_isr_toggle
                0x0000000000214f48                debugpins_isr_clr
                0x0000000000214f5c                debugpins_isr_set
                0x0000000000214f70                debugpins_radio_toggle
                0x0000000000214f84                debugpins_radio_clr
                0x0000000000214f98                debugpins_radio_set
                0x0000000000214fac                bspDBpinToggle
 .text          0x0000000000214fe4       0x58 build/openmote-cc2538_armgcc/bsp/boards/libbsp.a(eui64.o)
                0x0000000000214fe4                eui64_get
 .text          0x000000000021503c      0x294 build/openmote-cc2538_armgcc/bsp/boards/libbsp.a(i2c.o)
                0x000000000021503c                i2c_init
                0x00000000002150c4                i2c_read_byte
                0x0000000000215128                i2c_read_bytes
                0x00000000002151b4                i2c_write_byte
                0x0000000000215218                i2c_write_bytes
 .text          0x00000000002152d0      0x3b4 build/openmote-cc2538_armgcc/bsp/boards/libbsp.a(leds.o)
                0x00000000002152d0                leds_init
                0x00000000002152ec                leds_error_on
                0x00000000002152f8                leds_error_off
                0x0000000000215304                leds_error_toggle
                0x0000000000215310                leds_error_isOn
                0x0000000000215338                leds_sync_on
                0x0000000000215344                leds_sync_off
                0x0000000000215350                leds_sync_toggle
                0x000000000021535c                leds_sync_isOn
                0x0000000000215384                leds_radio_on
                0x0000000000215390                leds_radio_off
                0x000000000021539c                leds_radio_toggle
                0x00000000002153a8                leds_radio_isOn
                0x00000000002153cc                leds_debug_on
                0x00000000002153d8                leds_debug_off
                0x00000000002153e4                leds_debug_toggle
                0x00000000002153f0                leds_debug_isOn
                0x0000000000215418                leds_all_on
                0x0000000000215424                leds_all_off
                0x0000000000215430                leds_all_toggle
                0x000000000021543c                leds_error_blink
                0x000000000021549c                leds_circular_shift
                0x0000000000215558                leds_increment
                0x0000000000215604                bspLedSet
                0x0000000000215628                bspLedClear
                0x0000000000215648                bspLedToggle
 .text          0x0000000000215684       0x70 build/openmote-cc2538_armgcc/bsp/boards/libbsp.a(pwm.o)
                0x0000000000215684                pwm_init
                0x00000000002156cc                pwm_enable
                0x00000000002156e0                pwm_disable
 .text          0x00000000002156f4      0x618 build/openmote-cc2538_armgcc/bsp/boards/libbsp.a(radio.o)
                0x00000000002156f4                radio_init
                0x000000000021582c                radio_setStartFrameCb
                0x0000000000215848                radio_setEndFrameCb
                0x0000000000215864                radio_reset
                0x00000000002158b0                radio_setFrequency
                0x00000000002158f8                radio_rfOn
                0x0000000000215904                radio_rfOff
                0x000000000021592c                radio_loadPacket
                0x00000000002159a4                radio_txEnable
                0x00000000002159c4                radio_txNow
                0x0000000000215a14                radio_rxEnable
                0x0000000000215a34                radio_rxNow
                0x0000000000215a68                radio_getReceivedFrame
                0x0000000000215b34                enable_radio_interrupts
                0x0000000000215b60                disable_radio_interrupts
                0x0000000000215b80                radio_on
                0x0000000000215b98                radio_off
                0x0000000000215bd8                radio_isr
                0x0000000000215be8                radio_isr_internal
                0x0000000000215cd8                radio_error_isr
 .text          0x0000000000215d0c       0xe4 build/openmote-cc2538_armgcc/bsp/boards/libbsp.a(sctimer.o)
                0x0000000000215d0c                sctimer_init
                0x0000000000215d34                sctimer_set_callback
                0x0000000000215d50                sctimer_setCompare
                0x0000000000215d9c                sctimer_readCounter
                0x0000000000215dac                sctimer_enable
                0x0000000000215db8                sctimer_disable
                0x0000000000215dc4                sctimer_isr_internal
 .text          0x0000000000215df0      0x184 build/openmote-cc2538_armgcc/bsp/boards/libbsp.a(sensors.o)
                0x0000000000215df0                sensors_init
                0x0000000000215e5c                sensors_is_present
                0x0000000000215e88                sensors_getCallbackRead
                0x0000000000215f04                sensors_getCallbackConvert
 .text          0x0000000000215f74       0x88 build/openmote-cc2538_armgcc/bsp/boards/libbsp.a(startup_gcc.o)
                0x0000000000215f74                NmiSR
                0x0000000000215f80                FaultISR
                0x0000000000215f88                IntDefaultHandler
                0x0000000000215f90                ResetISR
 .text          0x0000000000215ffc      0x1dc build/openmote-cc2538_armgcc/bsp/boards/libbsp.a(uart.o)
                0x0000000000215ffc                uart_init
                0x0000000000216094                uart_setCallbacks
                0x00000000002160b8                uart_enableInterrupts
                0x00000000002160cc                uart_disableInterrupts
                0x00000000002160e0                uart_clearRxInterrupts
                0x00000000002160f4                uart_clearTxInterrupts
                0x0000000000216108                uart_writeByte
                0x0000000000216128                uart_readByte
                0x0000000000216198                uart_tx_isr
                0x00000000002161b8                uart_rx_isr
 .text          0x00000000002161d8      0x364 build/openmote-cc2538_armgcc/bsp/boards/libbsp.a(aes.o)
                0x00000000002161d8                AESLoadKey
                0x0000000000216358                AESECBStart
                0x0000000000216460                AESECBCheckResult
                0x00000000002164a8                AESECBGetResult
 .text          0x000000000021653c      0x718 build/openmote-cc2538_armgcc/bsp/boards/libbsp.a(ccm.o)
                0x000000000021653c                CCMAuthEncryptStart
                0x0000000000216764                CCMAuthEncryptCheckResult
                0x00000000002167ac                CCMAuthEncryptGetResult
                0x00000000002168c0                CCMInvAuthDecryptStart
                0x0000000000216adc                CCMInvAuthDecryptCheckResult
                0x0000000000216aec                CCMInvAuthDecryptGetResult
 .text          0x0000000000216c54      0x220 build/openmote-cc2538_armgcc/bsp/boards/libbsp.a(flash.o)
                0x0000000000216c54                FlashMainPageErase
                0x0000000000216c84                FlashUpperPageErase
                0x0000000000216cc0                FlashMainPageProgram
                0x0000000000216cf4                FlashUpperPageProgram
                0x0000000000216d38                FlashGet
                0x0000000000216d50                FlashCacheModeGet
                0x0000000000216d6c                FlashCacheModeSet
                0x0000000000216db0                FlashSizeGet
                0x0000000000216e24                FlashSramSizeGet
 .text          0x0000000000216e74      0x838 build/openmote-cc2538_armgcc/bsp/boards/libbsp.a(gpio.o)
                0x0000000000216e74                GPIOGetIntNumber
                0x0000000000216edc                GPIODirModeSet
                0x0000000000216f54                GPIODirModeGet
                0x0000000000216fb0                GPIOIntTypeSet
                0x0000000000217058                GPIOIntTypeGet
                0x00000000002170d0                GPIOPinIntEnable
                0x00000000002170fc                GPIOPinIntDisable
                0x000000000021712c                GPIOPinIntStatus
                0x000000000021715c                GPIOPinIntClear
                0x0000000000217180                GPIOPortIntRegister
                0x00000000002171a8                GPIOPortIntUnregister
                0x00000000002171cc                GPIOPinRead
                0x00000000002171f0                GPIOPinWrite
                0x000000000021721c                GPIOPinTypeGPIOInput
                0x0000000000217248                GPIOPinTypeGPIOOutput
                0x0000000000217274                GPIOPinTypeI2C
                0x00000000002172a0                GPIOPinTypeSSI
                0x00000000002172cc                GPIOPinTypeTimer
                0x00000000002172f8                GPIOPinTypeUARTInput
                0x0000000000217324                GPIOPinTypeUARTOutput
                0x0000000000217350                GPIOPowIntTypeSet
                0x00000000002173ec                GPIOPowIntTypeGet
                0x000000000021746c                GPIOPowIntEnable
                0x00000000002174e8                GPIOPowIntDisable
                0x0000000000217564                GPIOPowIntStatus
                0x00000000002175e8                GPIOPowIntClear
                0x0000000000217664                GPIOIntWakeupEnable
                0x0000000000217688                GPIOIntWakeupDisable
 .text          0x00000000002176ac      0x5c4 build/openmote-cc2538_armgcc/bsp/boards/libbsp.a(gptimer.o)
                0x00000000002176ac                TimerEnable
                0x00000000002176d8                TimerDisable
                0x0000000000217708                TimerConfigure
                0x000000000021775c                TimerControlLevel
                0x00000000002177a4                TimerControlTrigger
                0x00000000002177ec                TimerControlEvent
                0x0000000000217828                TimerControlStall
                0x0000000000217870                TimerControlWaitOnTrigger
                0x00000000002178f4                TimerPrescaleSet
                0x0000000000217930                TimerPrescaleGet
                0x000000000021795c                TimerPrescaleMatchSet
                0x0000000000217998                TimerPrescaleMatchGet
                0x00000000002179c4                TimerLoadSet
                0x0000000000217a00                TimerLoadGet
                0x0000000000217a2c                TimerValueGet
                0x0000000000217a58                TimerMatchSet
                0x0000000000217a94                TimerMatchGet
                0x0000000000217ac0                TimerIntRegister
                0x0000000000217b3c                TimerIntUnregister
                0x0000000000217bb4                TimerIntEnable
                0x0000000000217bdc                TimerIntDisable
                0x0000000000217c04                TimerIntStatus
                0x0000000000217c30                TimerIntClear
                0x0000000000217c50                TimerSynchronize
 .text          0x0000000000217c70      0x448 build/openmote-cc2538_armgcc/bsp/boards/libbsp.a(i2c_lib.o)
                0x0000000000217c70                I2CMasterInitExpClk
                0x0000000000217ccc                I2CSlaveInit
                0x0000000000217cec                I2CMasterEnable
                0x0000000000217d08                I2CSlaveEnable
                0x0000000000217d30                I2CMasterDisable
                0x0000000000217d4c                I2CSlaveDisable
                0x0000000000217d74                I2CIntRegister
                0x0000000000217d90                I2CIntUnregister
                0x0000000000217da4                I2CMasterIntEnable
                0x0000000000217dbc                I2CSlaveIntEnable
                0x0000000000217dd8                I2CSlaveIntEnableEx
                0x0000000000217dfc                I2CMasterIntDisable
                0x0000000000217e14                I2CSlaveIntDisable
                0x0000000000217e30                I2CSlaveIntDisableEx
                0x0000000000217e54                I2CMasterIntStatus
                0x0000000000217e98                I2CSlaveIntStatus
                0x0000000000217edc                I2CSlaveIntStatusEx
                0x0000000000217f0c                I2CMasterIntClear
                0x0000000000217f2c                I2CSlaveIntClear
                0x0000000000217f44                I2CSlaveIntClearEx
                0x0000000000217f60                I2CMasterSlaveAddrSet
                0x0000000000217f8c                I2CMasterBusy
                0x0000000000217fb0                I2CMasterBusBusy
                0x0000000000217fd4                I2CMasterControl
                0x0000000000217ff0                I2CMasterErr
                0x0000000000218030                I2CMasterDataPut
                0x0000000000218050                I2CMasterDataGet
                0x0000000000218068                I2CSlaveStatus
                0x0000000000218080                I2CSlaveDataPut
                0x00000000002180a0                I2CSlaveDataGet
 .text          0x00000000002180b8      0x458 build/openmote-cc2538_armgcc/bsp/boards/libbsp.a(interrupt.o)
                0x00000000002180c0                IntMasterEnable
                0x00000000002180d8                IntMasterDisable
                0x00000000002180f0                IntRegister
                0x0000000000218154                IntUnregister
                0x0000000000218178                IntPriorityGroupingSet
                0x00000000002181a8                IntPriorityGroupingGet
                0x00000000002181f0                IntPrioritySet
                0x0000000000218254                IntPriorityGet
                0x0000000000218284                IntEnable
                0x0000000000218318                IntDisable
                0x00000000002183ac                IntPendSet
                0x0000000000218428                IntPendClear
                0x0000000000218490                IntPriorityMaskSet
                0x00000000002184a4                IntPriorityMaskGet
                0x00000000002184b4                IntAltMapEnable
                0x00000000002184d0                IntAltMapDisable
                0x00000000002184ec                IntAltMapIsEnabled
 .text          0x0000000000218510      0x56c build/openmote-cc2538_armgcc/bsp/boards/libbsp.a(ioc.o)
                0x0000000000218510                IOCPinConfigPeriphOutput
                0x00000000002185d8                IOCPinConfigPeriphInput
                0x0000000000218784                IOCPadConfigSet
                0x0000000000218850                IOCPadConfigGet
 .text          0x0000000000218a7c      0x1b4 build/openmote-cc2538_armgcc/bsp/boards/libbsp.a(sleepmode.o)
                0x0000000000218a7c                SleepModeIntRegister
                0x0000000000218a98                SleepModeIntUnregister
                0x0000000000218aac                SleepModeTimerCountGet
                0x0000000000218afc                SleepModeCaptureConfig
                0x0000000000218b34                SleepModeTimerCompareSet
                0x0000000000218b8c                SleepModeCaptureGet
                0x0000000000218bdc                SleepModeCaptureIsValid
                0x0000000000218c08                SleepModeCaptureNew
 .text          0x0000000000218c30      0x668 build/openmote-cc2538_armgcc/bsp/boards/libbsp.a(sys_ctrl.o)
                0x0000000000218c30                SysCtrlClockSet
                0x0000000000218cec                SysCtrlClockGet
                0x0000000000218d94                SysCtrlIOClockSet
                0x0000000000218dc8                SysCtrlIOClockGet
                0x0000000000218e74                SysCtrlDelay
                0x0000000000218e7c                SysCtrlReset
                0x0000000000218e8c                SysCtrlSleep
                0x0000000000218e98                SysCtrlDeepSleep
                0x0000000000218f74                SysCtrlPeripheralPresent
                0x0000000000218ff0                SysCtrlPeripheralReset
                0x000000000021907c                SysCtrlPeripheralEnable
                0x00000000002190c4                SysCtrlPeripheralDisable
                0x000000000021910c                SysCtrlPeripheralSleepEnable
                0x0000000000219154                SysCtrlPeripheralSleepDisable
                0x000000000021919c                SysCtrlPeripheralDeepSleepEnable
                0x00000000002191e4                SysCtrlPeripheralDeepSleepDisable
                0x000000000021922c                SysCtrlPowerModeSet
                0x0000000000219248                SysCtrlPowerModeGet
                0x0000000000219270                SysCtrlClockLossDetectEnable
 .text          0x0000000000219298      0x724 build/openmote-cc2538_armgcc/bsp/boards/libbsp.a(uarthal.o)
                0x0000000000219298                UARTParityModeSet
                0x00000000002192c4                UARTParityModeGet
                0x00000000002192e4                UARTFIFOLevelSet
                0x0000000000219308                UARTFIFOLevelGet
                0x000000000021933c                UARTConfigSetExpClk
                0x00000000002193cc                UARTConfigGetExpClk
                0x0000000000219430                UARTEnable
                0x000000000021946c                UARTDisable
                0x00000000002194b8                UARTFIFOEnable
                0x00000000002194dc                UARTFIFODisable
                0x0000000000219500                UARTEnableSIR
                0x0000000000219544                UARTDisableSIR
                0x0000000000219568                UARTTxIntModeSet
                0x0000000000219594                UARTTxIntModeGet
                0x00000000002195b4                UARTCharsAvail
                0x00000000002195dc                UARTSpaceAvail
                0x0000000000219604                UARTCharGetNonBlocking
                0x0000000000219630                UARTCharGet
                0x0000000000219658                UARTCharPutNonBlocking
                0x000000000021968c                UARTCharPut
                0x00000000002196b8                UARTBreakCtl
                0x00000000002196f4                UARTBusy
                0x000000000021971c                UARTIntRegister
                0x0000000000219750                UARTIntUnregister
                0x0000000000219780                UARTIntEnable
                0x00000000002197a8                UARTIntDisable
                0x00000000002197d0                UARTIntStatus
                0x00000000002197fc                UARTIntClear
                0x000000000021981c                UARTDMAEnable
                0x0000000000219844                UARTDMADisable
                0x000000000021986c                UARTRxErrorGet
                0x000000000021988c                UARTRxErrorClear
                0x00000000002198a8                UARTClockSourceSet
                0x00000000002198c8                UARTClockSourceGet
                0x00000000002198e4                UART9BitEnable
                0x0000000000219908                UART9BitDisable
                0x000000000021992c                UART9BitAddrSet
                0x000000000021995c                UART9BitAddrSend
 .text          0x00000000002199bc      0x190 build/openmote-cc2538_armgcc/bsp/boards/libbsp.a(adxl346.o)
                0x00000000002199bc                adxl346_init
                0x0000000000219a04                adxl346_reset
                0x0000000000219a10                adxl346_is_present
                0x0000000000219a3c                adxl346_read_x
                0x0000000000219a84                adxl346_read_y
                0x0000000000219acc                adxl346_read_z
                0x0000000000219b14                adxl346_convert_acceleration
 .text          0x0000000000219b4c      0x1cc build/openmote-cc2538_armgcc/bsp/boards/libbsp.a(max44009.o)
                0x0000000000219b4c                max44009_init
                0x0000000000219bb8                max44009_reset
                0x0000000000219c24                max44009_is_present
                0x0000000000219c58                max44009_read_light
                0x0000000000219cbc                max44009_convert_light
 .text          0x0000000000219d18      0x24c build/openmote-cc2538_armgcc/bsp/boards/libbsp.a(sht21.o)
                0x0000000000219d18                sht21_init
                0x0000000000219d64                sht21_reset
                0x0000000000219d74                sht21_is_present
                0x0000000000219db8                sht21_read_temperature
                0x0000000000219df4                sht21_convert_temperature
                0x0000000000219e70                sht21_read_humidity
                0x0000000000219eac                sht21_convert_humidity
 *fill*         0x0000000000219f64        0x4 00000000
 .text          0x0000000000219f68       0xf0 build/openmote-cc2538_armgcc/bsp/boards/libbsp.a(adc_sensor.o)
                0x0000000000219f68                adc_sensor_init
                0x0000000000219f94                adc_sens_read_temperature
                0x0000000000219fc8                adc_sens_convert_temperature
 .text          0x000000000021a058       0xf4 build/openmote-cc2538_armgcc/bsp/boards/libbsp.a(adc.o)
                0x000000000021a058                SOCADCIntRegister
                0x000000000021a074                SOCADCIntUnregister
                0x000000000021a088                SOCADCSingleConfigure
                0x000000000021a0c4                SOCADCSingleStart
                0x000000000021a0f0                SOCADCDataGet
                0x000000000021a128                SOCADCEndOfCOnversionGet
 .text          0x000000000021a14c       0x4c build/openmote-cc2538_armgcc/bsp/boards/libbsp.a(cpu.o)
                0x000000000021a14c                CPUcpsid
                0x000000000021a15c                CPUprimask
                0x000000000021a168                CPUcpsie
                0x000000000021a178                CPUwfi
                0x000000000021a17c                CPUwfe
                0x000000000021a180                CPUsev
                0x000000000021a184                CPUbasepriSet
                0x000000000021a18c                CPUbasepriGet
 .text          0x000000000021a198      0x370 /usr/lib/gcc/arm-none-eabi/4.9.3/armv7-m/libgcc.a(_arm_addsubdf3.o)
                0x000000000021a198                __aeabi_drsub
                0x000000000021a1a0                __aeabi_dsub
                0x000000000021a1a0                __subdf3
                0x000000000021a1a4                __adddf3
                0x000000000021a1a4                __aeabi_dadd
                0x000000000021a41c                __aeabi_ui2d
                0x000000000021a41c                __floatunsidf
                0x000000000021a43c                __floatsidf
                0x000000000021a43c                __aeabi_i2d
                0x000000000021a460                __extendsfdf2
                0x000000000021a460                __aeabi_f2d
                0x000000000021a49c                __aeabi_ul2d
                0x000000000021a49c                __floatundidf
                0x000000000021a4ac                __floatdidf
                0x000000000021a4ac                __aeabi_l2d
 .text          0x000000000021a508      0x424 /usr/lib/gcc/arm-none-eabi/4.9.3/armv7-m/libgcc.a(_arm_muldivdf3.o)
                0x000000000021a508                __aeabi_dmul
                0x000000000021a508                __muldf3
                0x000000000021a75c                __aeabi_ddiv
                0x000000000021a75c                __divdf3
 .text          0x000000000021a92c       0xa0 /usr/lib/gcc/arm-none-eabi/4.9.3/armv7-m/libgcc.a(_arm_truncdfsf2.o)
                0x000000000021a92c                __aeabi_d2f
                0x000000000021a92c                __truncdfsf2
 .text          0x000000000021a9cc      0x21c /usr/lib/gcc/arm-none-eabi/4.9.3/armv7-m/libgcc.a(_arm_addsubsf3.o)
                0x000000000021a9cc                __aeabi_frsub
                0x000000000021a9d4                __subsf3
                0x000000000021a9d4                __aeabi_fsub
                0x000000000021a9d8                __aeabi_fadd
                0x000000000021a9d8                __addsf3
                0x000000000021ab38                __aeabi_ui2f
                0x000000000021ab38                __floatunsisf
                0x000000000021ab40                __aeabi_i2f
                0x000000000021ab40                __floatsisf
                0x000000000021ab5c                __floatundisf
                0x000000000021ab5c                __aeabi_ul2f
                0x000000000021ab6c                __floatdisf
                0x000000000021ab6c                __aeabi_l2f
 .text          0x000000000021abe8      0x2a0 /usr/lib/gcc/arm-none-eabi/4.9.3/armv7-m/libgcc.a(_arm_muldivsf3.o)
                0x000000000021abe8                __mulsf3
                0x000000000021abe8                __aeabi_fmul
                0x000000000021ad50                __divsf3
                0x000000000021ad50                __aeabi_fdiv
 .text          0x000000000021ae88        0x0 /usr/lib/gcc/arm-none-eabi/4.9.3/../../../arm-none-eabi/lib/armv7-m/libg.a(lib_a-memcmp.o)
 .text.memcmp   0x000000000021ae88       0x64 /usr/lib/gcc/arm-none-eabi/4.9.3/../../../arm-none-eabi/lib/armv7-m/libg.a(lib_a-memcmp.o)
                0x000000000021ae88                memcmp
 .text          0x000000000021aeec       0xec /usr/lib/gcc/arm-none-eabi/4.9.3/../../../arm-none-eabi/lib/armv7-m/libg.a(lib_a-memcpy.o)
                0x000000000021aeec                memcpy
 .text          0x000000000021afd8        0x0 /usr/lib/gcc/arm-none-eabi/4.9.3/../../../arm-none-eabi/lib/armv7-m/libg.a(lib_a-memset.o)
 .text.memset   0x000000000021afd8       0x9c /usr/lib/gcc/arm-none-eabi/4.9.3/../../../arm-none-eabi/lib/armv7-m/libg.a(lib_a-memset.o)
                0x000000000021afd8                memset
 *(.rodata*)
 .rodata        0x000000000021b074       0x2d build/openmote-cc2538_armgcc/projects/common/03oos_openwsn/03oos_openwsn.o
 *fill*         0x000000000021b0a1        0x3 00000000
 .rodata        0x000000000021b0a4       0x74 build/openmote-cc2538_armgcc/openstack/libopenstack.a(openstack.o)
 .rodata        0x000000000021b118       0x74 build/openmote-cc2538_armgcc/openstack/libopenstack.a(IEEE802154E.o)
 .rodata        0x000000000021b18c       0x74 build/openmote-cc2538_armgcc/openstack/libopenstack.a(IEEE802154_security.o)
 .rodata        0x000000000021b200       0x74 build/openmote-cc2538_armgcc/openstack/libopenstack.a(neighbors.o)
 .rodata        0x000000000021b274       0x74 build/openmote-cc2538_armgcc/openstack/libopenstack.a(msf.o)
 .rodata        0x000000000021b2e8       0x74 build/openmote-cc2538_armgcc/openstack/libopenstack.a(schedule.o)
 .rodata        0x000000000021b35c       0x74 build/openmote-cc2538_armgcc/openstack/libopenstack.a(sixtop.o)
 .rodata        0x000000000021b3d0       0x7d build/openmote-cc2538_armgcc/openstack/libopenstack.a(iphc.o)
 *fill*         0x000000000021b44d        0x3 00000000
 .rodata        0x000000000021b450       0x38 build/openmote-cc2538_armgcc/openstack/libopenstack.a(openbridge.o)
 .rodata        0x000000000021b488       0x48 build/openmote-cc2538_armgcc/openstack/libopenstack.a(forwarding.o)
 .rodata        0x000000000021b4d0       0x40 build/openmote-cc2538_armgcc/openstack/libopenstack.a(icmpv6.o)
 .rodata        0x000000000021b510       0x2d build/openmote-cc2538_armgcc/openstack/libopenstack.a(icmpv6echo.o)
 *fill*         0x000000000021b53d        0x3 00000000
 .rodata        0x000000000021b540       0x74 build/openmote-cc2538_armgcc/openstack/libopenstack.a(icmpv6rpl.o)
 .rodata        0x000000000021b5b4       0x80 build/openmote-cc2538_armgcc/openstack/libopenstack.a(openudp.o)
 .rodata        0x000000000021b634       0x48 build/openmote-cc2538_armgcc/openstack/libopenstack.a(idmanager.o)
 .rodata        0x000000000021b67c       0x5c build/openmote-cc2538_armgcc/openstack/libopenstack.a(openqueue.o)
 .rodata        0x000000000021b6d8       0x38 build/openmote-cc2538_armgcc/openstack/libopenstack.a(openrandom.o)
 .rodata        0x000000000021b710       0x38 build/openmote-cc2538_armgcc/openstack/libopenstack.a(packetfunctions.o)
 .rodata        0x000000000021b748       0x64 build/openmote-cc2538_armgcc/openstack/libopenstack.a(IEEE802154.o)
 .rodata        0x000000000021b7ac       0x38 build/openmote-cc2538_armgcc/openstack/libopenstack.a(topology.o)
 .rodata        0x000000000021b7e4       0x80 build/openmote-cc2538_armgcc/openapps/libopenapps.a(openapps_dyn.o)
 .rodata        0x000000000021b864       0xac build/openmote-cc2538_armgcc/openapps/libopenapps.a(opencoap.o)
 .rodata        0x000000000021b910       0xe9 build/openmote-cc2538_armgcc/openapps/libopenapps.a(cjoin.o)
                0x000000000021b9d4                cjoin_path0
 *fill*         0x000000000021b9f9        0x3 00000000
 .rodata        0x000000000021b9fc       0x8d build/openmote-cc2538_armgcc/openapps/libopenapps.a(openoscoap.o)
 *fill*         0x000000000021ba89        0x3 00000000
 .rodata        0x000000000021ba8c        0x1 build/openmote-cc2538_armgcc/openapps/libopenapps.a(hkdf.o)
 *fill*         0x000000000021ba8d        0x3 00000000
 .rodata        0x000000000021ba90       0x2d build/openmote-cc2538_armgcc/openapps/libopenapps.a(cborencoder.o)
 *fill*         0x000000000021babd        0x3 00000000
 .rodata        0x000000000021bac0       0x2d build/openmote-cc2538_armgcc/openapps/libopenapps.a(cojp_cbor.o)
 *fill*         0x000000000021baed        0x3 00000000
 .rodata        0x000000000021baf0        0x7 build/openmote-cc2538_armgcc/openapps/libopenapps.a(usha.o)
 *fill*         0x000000000021baf7        0x1 00000000
 .rodata        0x000000000021baf8      0x100 build/openmote-cc2538_armgcc/openapps/libopenapps.a(sha224-256.o)
 .rodata        0x000000000021bbf8       0x2d build/openmote-cc2538_armgcc/kernel/openos/libkernel.a(scheduler.o)
 *fill*         0x000000000021bc25        0x3 00000000
 .rodata        0x000000000021bc28      0x274 build/openmote-cc2538_armgcc/drivers/libdrivers.a(openserial.o)
 .rodata        0x000000000021be9c       0x2d build/openmote-cc2538_armgcc/drivers/libdrivers.a(opentimers.o)
 *fill*         0x000000000021bec9        0x3 00000000
 .rodata        0x000000000021becc      0x230 build/openmote-cc2538_armgcc/drivers/libdrivers.a(openhdlc.o)
 .rodata        0x000000000021c0fc       0x2d build/openmote-cc2538_armgcc/bsp/boards/libbsp.a(board.o)
 *fill*         0x000000000021c129        0x3 00000000
 .rodata        0x000000000021c12c       0x2d build/openmote-cc2538_armgcc/bsp/boards/libbsp.a(cryptoengine.o)
 *fill*         0x000000000021c159        0x3 00000000
 .rodata        0x000000000021c15c       0x23 build/openmote-cc2538_armgcc/bsp/boards/libbsp.a(debugpins.o)
 *fill*         0x000000000021c17f        0x1 00000000
 .rodata        0x000000000021c180       0x23 build/openmote-cc2538_armgcc/bsp/boards/libbsp.a(leds.o)
 *fill*         0x000000000021c1a3        0x1 00000000
 .rodata        0x000000000021c1a4       0x23 build/openmote-cc2538_armgcc/bsp/boards/libbsp.a(pwm.o)
 *fill*         0x000000000021c1c7        0x1 00000000
 .rodata        0x000000000021c1c8       0x23 build/openmote-cc2538_armgcc/bsp/boards/libbsp.a(radio.o)
 *fill*         0x000000000021c1eb        0x1 00000000
 .rodata        0x000000000021c1ec       0x23 build/openmote-cc2538_armgcc/bsp/boards/libbsp.a(sctimer.o)
 *fill*         0x000000000021c20f        0x1 00000000
 .rodata        0x000000000021c210       0x23 build/openmote-cc2538_armgcc/bsp/boards/libbsp.a(sensors.o)
 *fill*         0x000000000021c233        0x1 00000000
 .rodata        0x000000000021c234       0x23 build/openmote-cc2538_armgcc/bsp/boards/libbsp.a(uart.o)
 *fill*         0x000000000021c257        0x1 00000000
 .rodata        0x000000000021c258      0x114 build/openmote-cc2538_armgcc/bsp/boards/libbsp.a(interrupt.o)
 .rodata        0x000000000021c36c      0x100 build/openmote-cc2538_armgcc/bsp/boards/libbsp.a(ioc.o)
 .rodata        0x000000000021c46c       0x74 build/openmote-cc2538_armgcc/bsp/boards/libbsp.a(sys_ctrl.o)
 .rodata        0x000000000021c4e0       0x15 build/openmote-cc2538_armgcc/bsp/boards/libbsp.a(max44009.o)
 *fill*         0x000000000021c4f5        0x3 00000000
 .rodata        0x000000000021c4f8       0x23 build/openmote-cc2538_armgcc/bsp/boards/libbsp.a(adc_sensor.o)
                0x000000000021c51b                _etext = .

.glue_7         0x000000000021c51c        0x0
 .glue_7        0x000000000021c51c        0x0 linker stubs

.glue_7t        0x000000000021c51c        0x0
 .glue_7t       0x000000000021c51c        0x0 linker stubs

.vfp11_veneer   0x000000000021c51c        0x0
 .vfp11_veneer  0x000000000021c51c        0x0 linker stubs

.v4_bx          0x000000000021c51c        0x0
 .v4_bx         0x000000000021c51c        0x0 linker stubs

.iplt           0x000000000021c51c        0x0
 .iplt          0x000000000021c51c        0x0 build/openmote-cc2538_armgcc/projects/common/03oos_openwsn/03oos_openwsn.o

.data           0x0000000020004000      0x2dc load address 0x000000000021c51b
                0x0000000020004000                _data = .
 *(vtable)
 vtable         0x0000000020004000      0x28c build/openmote-cc2538_armgcc/bsp/boards/libbsp.a(interrupt.o)
 *(.data*)
 .data          0x000000002000428c        0x0 build/openmote-cc2538_armgcc/projects/common/03oos_openwsn/03oos_openwsn.o
 .data          0x000000002000428c        0x0 build/openmote-cc2538_armgcc/openstack/libopenstack.a(openstack.o)
 .data          0x000000002000428c        0x0 build/openmote-cc2538_armgcc/openstack/libopenstack.a(IEEE802154E.o)
 .data          0x000000002000428c        0x0 build/openmote-cc2538_armgcc/openstack/libopenstack.a(IEEE802154_security.o)
 .data          0x000000002000428c        0x0 build/openmote-cc2538_armgcc/openstack/libopenstack.a(neighbors.o)
 .data          0x000000002000428c        0x0 build/openmote-cc2538_armgcc/openstack/libopenstack.a(msf.o)
 .data          0x000000002000428c        0x0 build/openmote-cc2538_armgcc/openstack/libopenstack.a(schedule.o)
 .data          0x000000002000428c        0x0 build/openmote-cc2538_armgcc/openstack/libopenstack.a(sixtop.o)
 .data          0x000000002000428c        0x0 build/openmote-cc2538_armgcc/openstack/libopenstack.a(iphc.o)
 .data          0x000000002000428c        0x0 build/openmote-cc2538_armgcc/openstack/libopenstack.a(openbridge.o)
 .data          0x000000002000428c        0x0 build/openmote-cc2538_armgcc/openstack/libopenstack.a(forwarding.o)
 .data          0x000000002000428c        0x0 build/openmote-cc2538_armgcc/openstack/libopenstack.a(icmpv6.o)
 .data          0x000000002000428c        0x0 build/openmote-cc2538_armgcc/openstack/libopenstack.a(icmpv6echo.o)
 .data          0x000000002000428c        0x0 build/openmote-cc2538_armgcc/openstack/libopenstack.a(icmpv6rpl.o)
 .data          0x000000002000428c        0x0 build/openmote-cc2538_armgcc/openstack/libopenstack.a(openudp.o)
 .data          0x000000002000428c        0x0 build/openmote-cc2538_armgcc/openstack/libopenstack.a(idmanager.o)
 .data          0x000000002000428c        0x0 build/openmote-cc2538_armgcc/openstack/libopenstack.a(openqueue.o)
 .data          0x000000002000428c        0x0 build/openmote-cc2538_armgcc/openstack/libopenstack.a(openrandom.o)
 .data          0x000000002000428c        0x0 build/openmote-cc2538_armgcc/openstack/libopenstack.a(packetfunctions.o)
 .data          0x000000002000428c        0x0 build/openmote-cc2538_armgcc/openstack/libopenstack.a(IEEE802154.o)
 .data          0x000000002000428c        0x0 build/openmote-cc2538_armgcc/openstack/libopenstack.a(topology.o)
 .data          0x000000002000428c        0x0 build/openmote-cc2538_armgcc/openapps/libopenapps.a(openapps_dyn.o)
 .data          0x000000002000428c        0x0 build/openmote-cc2538_armgcc/openapps/libopenapps.a(opencoap.o)
 .data          0x000000002000428c        0x0 build/openmote-cc2538_armgcc/openapps/libopenapps.a(cjoin.o)
 .data          0x000000002000428c        0x0 build/openmote-cc2538_armgcc/openapps/libopenapps.a(openoscoap.o)
 .data          0x000000002000428c        0x0 build/openmote-cc2538_armgcc/openapps/libopenapps.a(hkdf.o)
 .data          0x000000002000428c        0x0 build/openmote-cc2538_armgcc/openapps/libopenapps.a(hmac.o)
 .data          0x000000002000428c        0x0 build/openmote-cc2538_armgcc/openapps/libopenapps.a(cborencoder.o)
 .data          0x000000002000428c        0x0 build/openmote-cc2538_armgcc/openapps/libopenapps.a(cojp_cbor.o)
 .data          0x000000002000428c        0x0 build/openmote-cc2538_armgcc/openapps/libopenapps.a(usha.o)
 .data          0x000000002000428c       0x50 build/openmote-cc2538_armgcc/openapps/libopenapps.a(sha224-256.o)
 .data          0x00000000200042dc        0x0 build/openmote-cc2538_armgcc/kernel/openos/libkernel.a(scheduler.o)
 .data          0x00000000200042dc        0x0 build/openmote-cc2538_armgcc/drivers/libdrivers.a(openserial.o)
 .data          0x00000000200042dc        0x0 build/openmote-cc2538_armgcc/drivers/libdrivers.a(opentimers.o)
 .data          0x00000000200042dc        0x0 build/openmote-cc2538_armgcc/drivers/libdrivers.a(openhdlc.o)
 .data          0x00000000200042dc        0x0 build/openmote-cc2538_armgcc/bsp/boards/libbsp.a(board.o)
 .data          0x00000000200042dc        0x0 build/openmote-cc2538_armgcc/bsp/boards/libbsp.a(cryptoengine.o)
 .data          0x00000000200042dc        0x0 build/openmote-cc2538_armgcc/bsp/boards/libbsp.a(debugpins.o)
 .data          0x00000000200042dc        0x0 build/openmote-cc2538_armgcc/bsp/boards/libbsp.a(eui64.o)
 .data          0x00000000200042dc        0x0 build/openmote-cc2538_armgcc/bsp/boards/libbsp.a(i2c.o)
 .data          0x00000000200042dc        0x0 build/openmote-cc2538_armgcc/bsp/boards/libbsp.a(leds.o)
 .data          0x00000000200042dc        0x0 build/openmote-cc2538_armgcc/bsp/boards/libbsp.a(pwm.o)
 .data          0x00000000200042dc        0x0 build/openmote-cc2538_armgcc/bsp/boards/libbsp.a(radio.o)
 .data          0x00000000200042dc        0x0 build/openmote-cc2538_armgcc/bsp/boards/libbsp.a(sctimer.o)
 .data          0x00000000200042dc        0x0 build/openmote-cc2538_armgcc/bsp/boards/libbsp.a(sensors.o)
 .data          0x00000000200042dc        0x0 build/openmote-cc2538_armgcc/bsp/boards/libbsp.a(startup_gcc.o)
 .data          0x00000000200042dc        0x0 build/openmote-cc2538_armgcc/bsp/boards/libbsp.a(uart.o)
 .data          0x00000000200042dc        0x0 build/openmote-cc2538_armgcc/bsp/boards/libbsp.a(aes.o)
 .data          0x00000000200042dc        0x0 build/openmote-cc2538_armgcc/bsp/boards/libbsp.a(ccm.o)
 .data          0x00000000200042dc        0x0 build/openmote-cc2538_armgcc/bsp/boards/libbsp.a(flash.o)
 .data          0x00000000200042dc        0x0 build/openmote-cc2538_armgcc/bsp/boards/libbsp.a(gpio.o)
 .data          0x00000000200042dc        0x0 build/openmote-cc2538_armgcc/bsp/boards/libbsp.a(gptimer.o)
 .data          0x00000000200042dc        0x0 build/openmote-cc2538_armgcc/bsp/boards/libbsp.a(i2c_lib.o)
 .data          0x00000000200042dc        0x0 build/openmote-cc2538_armgcc/bsp/boards/libbsp.a(interrupt.o)
 .data          0x00000000200042dc        0x0 build/openmote-cc2538_armgcc/bsp/boards/libbsp.a(ioc.o)
 .data          0x00000000200042dc        0x0 build/openmote-cc2538_armgcc/bsp/boards/libbsp.a(sleepmode.o)
 .data          0x00000000200042dc        0x0 build/openmote-cc2538_armgcc/bsp/boards/libbsp.a(sys_ctrl.o)
 .data          0x00000000200042dc        0x0 build/openmote-cc2538_armgcc/bsp/boards/libbsp.a(uarthal.o)
 .data          0x00000000200042dc        0x0 build/openmote-cc2538_armgcc/bsp/boards/libbsp.a(adxl346.o)
 .data          0x00000000200042dc        0x0 build/openmote-cc2538_armgcc/bsp/boards/libbsp.a(max44009.o)
 .data          0x00000000200042dc        0x0 build/openmote-cc2538_armgcc/bsp/boards/libbsp.a(sht21.o)
 .data          0x00000000200042dc        0x0 build/openmote-cc2538_armgcc/bsp/boards/libbsp.a(adc_sensor.o)
 .data          0x00000000200042dc        0x0 build/openmote-cc2538_armgcc/bsp/boards/libbsp.a(adc.o)
 .data          0x00000000200042dc        0x0 build/openmote-cc2538_armgcc/bsp/boards/libbsp.a(cpu.o)
 .data          0x00000000200042dc        0x0 /usr/lib/gcc/arm-none-eabi/4.9.3/armv7-m/libgcc.a(_arm_addsubdf3.o)
 .data          0x00000000200042dc        0x0 /usr/lib/gcc/arm-none-eabi/4.9.3/armv7-m/libgcc.a(_arm_muldivdf3.o)
 .data          0x00000000200042dc        0x0 /usr/lib/gcc/arm-none-eabi/4.9.3/armv7-m/libgcc.a(_arm_truncdfsf2.o)
 .data          0x00000000200042dc        0x0 /usr/lib/gcc/arm-none-eabi/4.9.3/armv7-m/libgcc.a(_arm_addsubsf3.o)
 .data          0x00000000200042dc        0x0 /usr/lib/gcc/arm-none-eabi/4.9.3/armv7-m/libgcc.a(_arm_muldivsf3.o)
 .data          0x00000000200042dc        0x0 /usr/lib/gcc/arm-none-eabi/4.9.3/../../../arm-none-eabi/lib/armv7-m/libg.a(lib_a-memcmp.o)
 .data          0x00000000200042dc        0x0 /usr/lib/gcc/arm-none-eabi/4.9.3/../../../arm-none-eabi/lib/armv7-m/libg.a(lib_a-memcpy.o)
 .data          0x00000000200042dc        0x0 /usr/lib/gcc/arm-none-eabi/4.9.3/../../../arm-none-eabi/lib/armv7-m/libg.a(lib_a-memset.o)
                0x00000000200042dc                _edata = .

.igot.plt       0x00000000200042dc        0x0 load address 0x000000000021c7f8
 .igot.plt      0x00000000200042dc        0x0 build/openmote-cc2538_armgcc/projects/common/03oos_openwsn/03oos_openwsn.o

.ARM.exidx
 *(.ARM.exidx*)

.bss            0x00000000200042dc     0x26d0 load address 0x000000000021c7f8
                0x00000000200042dc                _bss = .
 *(.bss*)
 .bss           0x00000000200042dc        0x0 build/openmote-cc2538_armgcc/projects/common/03oos_openwsn/03oos_openwsn.o
 .bss           0x00000000200042dc        0x0 build/openmote-cc2538_armgcc/openstack/libopenstack.a(openstack.o)
 .bss           0x00000000200042dc        0x0 build/openmote-cc2538_armgcc/openstack/libopenstack.a(IEEE802154E.o)
 .bss           0x00000000200042dc        0x0 build/openmote-cc2538_armgcc/openstack/libopenstack.a(IEEE802154_security.o)
 .bss           0x00000000200042dc      0x4b4 build/openmote-cc2538_armgcc/openstack/libopenstack.a(neighbors.o)
 .bss           0x0000000020004790        0x0 build/openmote-cc2538_armgcc/openstack/libopenstack.a(msf.o)
 .bss           0x0000000020004790        0x0 build/openmote-cc2538_armgcc/openstack/libopenstack.a(schedule.o)
 .bss           0x0000000020004790        0x0 build/openmote-cc2538_armgcc/openstack/libopenstack.a(sixtop.o)
 .bss           0x0000000020004790        0x4 build/openmote-cc2538_armgcc/openstack/libopenstack.a(iphc.o)
 .bss           0x0000000020004794        0x0 build/openmote-cc2538_armgcc/openstack/libopenstack.a(openbridge.o)
 .bss           0x0000000020004794        0x0 build/openmote-cc2538_armgcc/openstack/libopenstack.a(forwarding.o)
 .bss           0x0000000020004794        0x0 build/openmote-cc2538_armgcc/openstack/libopenstack.a(icmpv6.o)
 .bss           0x0000000020004794        0x0 build/openmote-cc2538_armgcc/openstack/libopenstack.a(icmpv6echo.o)
 .bss           0x0000000020004794        0x0 build/openmote-cc2538_armgcc/openstack/libopenstack.a(icmpv6rpl.o)
 .bss           0x0000000020004794        0x0 build/openmote-cc2538_armgcc/openstack/libopenstack.a(openudp.o)
 .bss           0x0000000020004794        0x0 build/openmote-cc2538_armgcc/openstack/libopenstack.a(idmanager.o)
 .bss           0x0000000020004794        0x0 build/openmote-cc2538_armgcc/openstack/libopenstack.a(openqueue.o)
 .bss           0x0000000020004794        0x0 build/openmote-cc2538_armgcc/openstack/libopenstack.a(openrandom.o)
 .bss           0x0000000020004794        0x0 build/openmote-cc2538_armgcc/openstack/libopenstack.a(packetfunctions.o)
 .bss           0x0000000020004794        0x0 build/openmote-cc2538_armgcc/openstack/libopenstack.a(IEEE802154.o)
 .bss           0x0000000020004794        0x0 build/openmote-cc2538_armgcc/openstack/libopenstack.a(topology.o)
 .bss           0x0000000020004794        0x0 build/openmote-cc2538_armgcc/openapps/libopenapps.a(openapps_dyn.o)
 .bss           0x0000000020004794        0x0 build/openmote-cc2538_armgcc/openapps/libopenapps.a(opencoap.o)
 .bss           0x0000000020004794        0x0 build/openmote-cc2538_armgcc/openapps/libopenapps.a(cjoin.o)
 .bss           0x0000000020004794        0x0 build/openmote-cc2538_armgcc/openapps/libopenapps.a(openoscoap.o)
 .bss           0x0000000020004794        0x0 build/openmote-cc2538_armgcc/openapps/libopenapps.a(hkdf.o)
 .bss           0x0000000020004794        0x0 build/openmote-cc2538_armgcc/openapps/libopenapps.a(hmac.o)
 .bss           0x0000000020004794        0x0 build/openmote-cc2538_armgcc/openapps/libopenapps.a(cborencoder.o)
 .bss           0x0000000020004794        0x0 build/openmote-cc2538_armgcc/openapps/libopenapps.a(cojp_cbor.o)
 .bss           0x0000000020004794        0x0 build/openmote-cc2538_armgcc/openapps/libopenapps.a(usha.o)
 .bss           0x0000000020004794        0x4 build/openmote-cc2538_armgcc/openapps/libopenapps.a(sha224-256.o)
 .bss           0x0000000020004798        0x0 build/openmote-cc2538_armgcc/kernel/openos/libkernel.a(scheduler.o)
 .bss           0x0000000020004798        0x0 build/openmote-cc2538_armgcc/drivers/libdrivers.a(openserial.o)
 .bss           0x0000000020004798        0x0 build/openmote-cc2538_armgcc/drivers/libdrivers.a(opentimers.o)
 .bss           0x0000000020004798        0x0 build/openmote-cc2538_armgcc/drivers/libdrivers.a(openhdlc.o)
 .bss           0x0000000020004798        0x0 build/openmote-cc2538_armgcc/bsp/boards/libbsp.a(board.o)
 .bss           0x0000000020004798       0x10 build/openmote-cc2538_armgcc/bsp/boards/libbsp.a(cryptoengine.o)
 .bss           0x00000000200047a8        0x0 build/openmote-cc2538_armgcc/bsp/boards/libbsp.a(debugpins.o)
 .bss           0x00000000200047a8        0x0 build/openmote-cc2538_armgcc/bsp/boards/libbsp.a(eui64.o)
 .bss           0x00000000200047a8        0x0 build/openmote-cc2538_armgcc/bsp/boards/libbsp.a(i2c.o)
 .bss           0x00000000200047a8        0x0 build/openmote-cc2538_armgcc/bsp/boards/libbsp.a(leds.o)
 .bss           0x00000000200047a8        0x0 build/openmote-cc2538_armgcc/bsp/boards/libbsp.a(pwm.o)
 .bss           0x00000000200047a8        0x0 build/openmote-cc2538_armgcc/bsp/boards/libbsp.a(radio.o)
 .bss           0x00000000200047a8        0x0 build/openmote-cc2538_armgcc/bsp/boards/libbsp.a(sctimer.o)
 .bss           0x00000000200047a8        0x0 build/openmote-cc2538_armgcc/bsp/boards/libbsp.a(sensors.o)
 .bss           0x00000000200047a8      0x800 build/openmote-cc2538_armgcc/bsp/boards/libbsp.a(startup_gcc.o)
 .bss           0x0000000020004fa8        0x0 build/openmote-cc2538_armgcc/bsp/boards/libbsp.a(uart.o)
 .bss           0x0000000020004fa8       0x14 build/openmote-cc2538_armgcc/bsp/boards/libbsp.a(aes.o)
                0x0000000020004fa8                g_ui8CurrentAESOp
 .bss           0x0000000020004fbc        0x0 build/openmote-cc2538_armgcc/bsp/boards/libbsp.a(ccm.o)
 .bss           0x0000000020004fbc        0x0 build/openmote-cc2538_armgcc/bsp/boards/libbsp.a(flash.o)
 .bss           0x0000000020004fbc        0x0 build/openmote-cc2538_armgcc/bsp/boards/libbsp.a(gpio.o)
 .bss           0x0000000020004fbc        0x0 build/openmote-cc2538_armgcc/bsp/boards/libbsp.a(gptimer.o)
 .bss           0x0000000020004fbc        0x0 build/openmote-cc2538_armgcc/bsp/boards/libbsp.a(i2c_lib.o)
 .bss           0x0000000020004fbc        0x0 build/openmote-cc2538_armgcc/bsp/boards/libbsp.a(interrupt.o)
 .bss           0x0000000020004fbc        0x0 build/openmote-cc2538_armgcc/bsp/boards/libbsp.a(ioc.o)
 .bss           0x0000000020004fbc        0x0 build/openmote-cc2538_armgcc/bsp/boards/libbsp.a(sleepmode.o)
 .bss           0x0000000020004fbc        0x0 build/openmote-cc2538_armgcc/bsp/boards/libbsp.a(sys_ctrl.o)
 .bss           0x0000000020004fbc        0x0 build/openmote-cc2538_armgcc/bsp/boards/libbsp.a(uarthal.o)
 .bss           0x0000000020004fbc        0x0 build/openmote-cc2538_armgcc/bsp/boards/libbsp.a(adxl346.o)
 .bss           0x0000000020004fbc        0x0 build/openmote-cc2538_armgcc/bsp/boards/libbsp.a(max44009.o)
 .bss           0x0000000020004fbc        0x1 build/openmote-cc2538_armgcc/bsp/boards/libbsp.a(sht21.o)
 .bss           0x0000000020004fbd        0x0 build/openmote-cc2538_armgcc/bsp/boards/libbsp.a(adc_sensor.o)
 .bss           0x0000000020004fbd        0x0 build/openmote-cc2538_armgcc/bsp/boards/libbsp.a(adc.o)
 .bss           0x0000000020004fbd        0x0 build/openmote-cc2538_armgcc/bsp/boards/libbsp.a(cpu.o)
 .bss           0x0000000020004fbd        0x0 /usr/lib/gcc/arm-none-eabi/4.9.3/armv7-m/libgcc.a(_arm_addsubdf3.o)
 .bss           0x0000000020004fbd        0x0 /usr/lib/gcc/arm-none-eabi/4.9.3/armv7-m/libgcc.a(_arm_muldivdf3.o)
 .bss           0x0000000020004fbd        0x0 /usr/lib/gcc/arm-none-eabi/4.9.3/armv7-m/libgcc.a(_arm_truncdfsf2.o)
 .bss           0x0000000020004fbd        0x0 /usr/lib/gcc/arm-none-eabi/4.9.3/armv7-m/libgcc.a(_arm_addsubsf3.o)
 .bss           0x0000000020004fbd        0x0 /usr/lib/gcc/arm-none-eabi/4.9.3/armv7-m/libgcc.a(_arm_muldivsf3.o)
 .bss           0x0000000020004fbd        0x0 /usr/lib/gcc/arm-none-eabi/4.9.3/../../../arm-none-eabi/lib/armv7-m/libg.a(lib_a-memcmp.o)
 .bss           0x0000000020004fbd        0x0 /usr/lib/gcc/arm-none-eabi/4.9.3/../../../arm-none-eabi/lib/armv7-m/libg.a(lib_a-memcpy.o)
 .bss           0x0000000020004fbd        0x0 /usr/lib/gcc/arm-none-eabi/4.9.3/../../../arm-none-eabi/lib/armv7-m/libg.a(lib_a-memset.o)
 *(COMMON)
 *fill*         0x0000000020004fbd        0x3 
 COMMON         0x0000000020004fc0      0x1c8 build/openmote-cc2538_armgcc/openstack/libopenstack.a(IEEE802154E.o)
                0x0000000020004fc0                ieee154e_vars
                0x0000000020005168                ieee154e_stats
                0x0000000020005178                ieee154e_dbg
 COMMON         0x0000000020005188       0x24 build/openmote-cc2538_armgcc/openstack/libopenstack.a(IEEE802154_security.o)
                0x0000000020005188                ieee802154_security_vars
 COMMON         0x00000000200051ac        0xa build/openmote-cc2538_armgcc/openstack/libopenstack.a(msf.o)
                0x00000000200051ac                msf_vars
 *fill*         0x00000000200051b6        0x2 
 COMMON         0x00000000200051b8      0x208 build/openmote-cc2538_armgcc/openstack/libopenstack.a(schedule.o)
                0x00000000200051b8                schedule_vars
 COMMON         0x00000000200053c0       0x50 build/openmote-cc2538_armgcc/openstack/libopenstack.a(sixtop.o)
                0x00000000200053c0                sixtop_vars
 COMMON         0x0000000020005410       0x16 build/openmote-cc2538_armgcc/openstack/libopenstack.a(icmpv6echo.o)
                0x0000000020005410                icmpv6echo_vars
 *fill*         0x0000000020005426        0x2 
 COMMON         0x0000000020005428       0x9c build/openmote-cc2538_armgcc/openstack/libopenstack.a(icmpv6rpl.o)
                0x0000000020005428                icmpv6rpl_vars
 COMMON         0x00000000200054c4        0x4 build/openmote-cc2538_armgcc/openstack/libopenstack.a(openudp.o)
                0x00000000200054c4                openudp_vars
 COMMON         0x00000000200054c8       0x5b build/openmote-cc2538_armgcc/openstack/libopenstack.a(idmanager.o)
                0x00000000200054c8                idmanager_vars
 *fill*         0x0000000020005523        0x1 
 COMMON         0x0000000020005524      0xca8 build/openmote-cc2538_armgcc/openstack/libopenstack.a(openqueue.o)
                0x0000000020005524                openqueue_vars
 COMMON         0x00000000200061cc        0x2 build/openmote-cc2538_armgcc/openstack/libopenstack.a(openrandom.o)
                0x00000000200061cc                random_vars
 *fill*         0x00000000200061ce        0x2 
 COMMON         0x00000000200061d0       0x40 build/openmote-cc2538_armgcc/openapps/libopenapps.a(opencoap.o)
                0x00000000200061d0                opencoap_vars
 COMMON         0x0000000020006210       0x9c build/openmote-cc2538_armgcc/openapps/libopenapps.a(cjoin.o)
                0x0000000020006210                cjoin_vars
 COMMON         0x00000000200062ac        0x1 build/openmote-cc2538_armgcc/openapps/libopenapps.a(openoscoap.o)
                0x00000000200062ac                openoscoap_vars
 *fill*         0x00000000200062ad        0x3 
 COMMON         0x00000000200062b0       0x82 build/openmote-cc2538_armgcc/kernel/openos/libkernel.a(scheduler.o)
                0x00000000200062b0                scheduler_vars
                0x0000000020006330                scheduler_dbg
 *fill*         0x0000000020006332        0x2 
 COMMON         0x0000000020006334      0x4e4 build/openmote-cc2538_armgcc/drivers/libdrivers.a(openserial.o)
                0x0000000020006334                openserial_vars
 COMMON         0x0000000020006818      0x168 build/openmote-cc2538_armgcc/drivers/libdrivers.a(opentimers.o)
                0x0000000020006818                opentimers_vars
 COMMON         0x0000000020006980        0x1 build/openmote-cc2538_armgcc/bsp/boards/libbsp.a(board.o)
                0x0000000020006980                user_button_initialized
 *fill*         0x0000000020006981        0x3 
 COMMON         0x0000000020006984        0x1 build/openmote-cc2538_armgcc/bsp/boards/libbsp.a(pwm.o)
                0x0000000020006984                pwm_vars
 *fill*         0x0000000020006985        0x3 
 COMMON         0x0000000020006988        0xc build/openmote-cc2538_armgcc/bsp/boards/libbsp.a(radio.o)
                0x0000000020006988                radio_vars